I'm sorry, but errors were detected in your script. Please correct the
errors listed below, and try again.


File "game/script.rpy", line 15: invalid syntax
    transform(zoom 0.9)
                    ^

Ren'Py Version: Ren'Py 8.3.7.25031702
Mon Mar 24 11:00:25 2025
